otima
50.000000
0.000000 0.000000 10.000000 0.000000
0.000000 0.000000 5.000000 0.000000