ilimitada
2.1666667 1.5000000 0.0000000 2.3333333 
0.0620155 0.1162791 0.0000000 0.4961240 2.2790698 1.0000000 1.0232558 0.0000000 3.2945736 0.0000000
