ilimitada
32.7619048 0.0000000 17.3333333 1.0000000 43.0952381 0.0000000 
-32.7619048 0.0000000 -17.3333333 -1.0000000 -43.0952381 1.0000000 0.0000000 0.0000000 -106.3333333 0.0000000 -749.0476190 -97.4761905 -90.9047619 0.0000000